[bcnenergia.netlify.app/bcnenergia.com/indexb97d.html]
[backblue.gif]
[fade.gif]
[index.html]
[bcnenergia.netlify.app/cdn-cookieyes.com/client_data/268eb0c34b3dd4018b116333/script.js]
[bcnenergia.netlify.app/bcnenergia.com/index.html]
[bcnenergia.netlify.app/bcnenergia.com/feed/index.html]
[bcnenergia.netlify.app/bcnenergia.com/wp-includes/css/dist/block-library/style.min6a4d6a4d.css]
[bcnenergia.netlify.app/bcnenergia.com/wp-content/themes/generatepress/assets/css/main.mine1e3e1e3.css]
[bcnenergia.netlify.app/bcnenergia.com/wp-content/themes/generatepress_child/styleddebddeb.css]
[bcnenergia.netlify.app/bcnenergia.com/wp-content/plugins/jet-elements/assets/css/jet-elements91ac91ac.css]
[bcnenergia.netlify.app/bcnenergia.com/wp-content/plugins/jet-elements/assets/css/jet-elements-skin91ac91ac.css]
[bcnenergia.netlify.app/bcnenergia.com/wp-content/uploads/elementor/css/custom-frontend-lite.min22f622f6.css]
[bcnenergia.netlify.app/bcnenergia.com/wp-content/uploads/elementor/css/post-422f622f6.css]
[bcnenergia.netlify.app/bcnenergia.com/wp-content/uploads/elementor/css/custom-pro-frontend-lite.min22f622f6.css]
[bcnenergia.netlify.app/bcnenergia.com/wp-content/plugins/elementor/assets/lib/font-awesome/css/all.min2e462e46.css]
[bcnenergia.netlify.app/bcnenergia.com/wp-content/plugins/elementor/assets/lib/font-awesome/css/v4-shims.min2e462e46.css]
[bcnenergia.netlify.app/bcnenergia.com/wp-content/uploads/elementor/css/post-415675447544.css]
[bcnenergia.netlify.app/bcnenergia.com/wp-content/uploads/elementor/css/post-28582fa72fa7.css]
[bcnenergia.netlify.app/bcnenergia.com/wp-content/uploads/elementor/css/post-803b383b383.css]
[bcnenergia.netlify.app/bcnenergia.com/wp-content/uploads/elementor/css/post-5952fa72fa7.css]
[bcnenergia.netlify.app/bcnenergia.com/wp-content/plugins/elementor/assets/lib/font-awesome/js/v4-shims.min2e462e46.js]
[bcnenergia.netlify.app/bcnenergia.com/wp-json/index.html]
[bcnenergia.netlify.app/bcnenergia.com/wp-json/wp/v2/pages/4156.json]
[bcnenergia.netlify.app/bcnenergia.com/xmlrpc0db00db0.php]
[bcnenergia.netlify.app/bcnenergia.com/wp-includes/wlwmanifest.xml]
[bcnenergia.netlify.app/bcnenergia.com/wp-json/oembed/1.0/embedf386f386.json]
[bcnenergia.netlify.app/bcnenergia.com/wp-json/oembed/1.0/embed57d257d2]
[bcnenergia.netlify.app/bcnenergia.com/wp-content/uploads/2022/12/bcnEnergia_logo_imago-19.svg]
[bcnenergia.netlify.app/bcnenergia.com/wp-content/uploads/2022/12/bcnEnergia_logo-12.svg]
[bcnenergia.netlify.app/bcnenergia.com/index-2.html]
[bcnenergia.netlify.app/bcnenergia.com/wp-content/uploads/elementor/css/custom-pro-widget-nav-menu.minbe8fbe8f.css]
[bcnenergia.netlify.app/bcnenergia.com/wp-content/uploads/elementor/css/custom-widget-icon-list.minbe8fbe8f.css]
[bcnenergia.netlify.app/bcnenergia.com/wp-content/uploads/2023/01/unete-autoconsumo-paneles-solares-bcn-energia.jpg]
[bcnenergia.netlify.app/bcnenergia.com/wp-content/uploads/2023/01/ahorro-factura-luz-y-gas-paneles-solares.jpg]
[bcnenergia.netlify.app/bcnenergia.com/wp-content/uploads/2023/01/energia-renovable-paneles-fotovoltaicos-instalacion.jpg]
[bcnenergia.netlify.app/bcnenergia.com/wp-content/uploads/2022/12/BCNEnergia-sistema-placas-fotovoltaicas-barcelona.jpg]
[bcnenergia.netlify.app/bcnenergia.com/wp-content/uploads/elementor/css/custom-widget-icon-box.minbe8fbe8f.css]
[bcnenergia.netlify.app/bcnenergia.com/wp-content/uploads/2023/01/tramitacion-subvencion-paneles-fotovoltaicos.jpg]
[bcnenergia.netlify.app/bcnenergia.com/politica-privacidad/index.html]
[bcnenergia.netlify.app/bcnenergia.com/wp-content/uploads/2022/12/flujo-energia-inenterrumpida_bcn-energia.jpg]
[bcnenergia.netlify.app/bcnenergia.com/wp-content/uploads/2022/12/proteccion-reforzada-celulas_BCN-energia.jpg]
[bcnenergia.netlify.app/bcnenergia.com/wp-content/uploads/2022/12/extrema-resistencia-grietas_bcn-energia.jpg]
[bcnenergia.netlify.app/bcnenergia.com/wp-content/uploads/2022/12/microinversor-integrado_bcn-energia.jpg]
[bcnenergia.netlify.app/bcnenergia.com/wp-content/uploads/2022/12/comfort-energia-renovable_BCN-energia.jpg]
[bcnenergia.netlify.app/bcnenergia.com/wp-content/uploads/2022/12/factura-0-euros-placas-solares_BCN-energia.jpg]
[bcnenergia.netlify.app/bcnenergia.com/wp-content/uploads/2022/12/equipo-ingenieros-paneles-fotvoltaicos_BCN-energia.jpg]
[bcnenergia.netlify.app/bcnenergia.com/wp-content/uploads/2022/12/bonificaciones-energias-renovables_BCN-Energia.jpg]
[bcnenergia.netlify.app/bcnenergia.com/wp-content/uploads/2022/12/responsable-medio-ambiente_BCN-energia.jpg]
[bcnenergia.netlify.app/bcnenergia.com/wp-content/uploads/2022/12/instalaciones-placas-solares_bcn-energia_1.jpg]
[bcnenergia.netlify.app/bcnenergia.com/wp-content/uploads/2022/12/instalaciones-placas-solares_bcn-energia_2.jpg]
[bcnenergia.netlify.app/bcnenergia.com/wp-content/uploads/2022/12/instalaciones-placas-solares_bcn-energia_3.jpg]
[bcnenergia.netlify.app/bcnenergia.com/wp-content/uploads/2022/12/instalaciones-placas-solares_bcn-energia_4.jpg]
[bcnenergia.netlify.app/bcnenergia.com/wp-content/uploads/2022/12/instalaciones-placas-solares_bcn-energia_5.jpg]
[bcnenergia.netlify.app/bcnenergia.com/wp-content/uploads/2022/12/instalaciones-placas-solares_bcn-energia_6.jpg]
[bcnenergia.netlify.app/bcnenergia.com/wp-content/uploads/2022/12/instalaciones-placas-solares_bcn-energia_7.jpg]
[bcnenergia.netlify.app/bcnenergia.com/wp-content/uploads/2022/12/instalaciones-placas-solares_bcn-energia_8.jpg]
[bcnenergia.netlify.app/bcnenergia.com/wp-content/uploads/2022/12/instalaciones-placas-solares_bcn-energia_9.jpg]
[bcnenergia.netlify.app/bcnenergia.com/wp-content/uploads/2022/12/instalaciones-placas-solares_bcn-energia_10.jpg]
[bcnenergia.netlify.app/bcnenergia.com/wp-content/uploads/2022/12/instalaciones-placas-solares_bcn-energia_11.jpg]
[bcnenergia.netlify.app/bcnenergia.com/wp-content/uploads/2022/12/markus_liam.jpg]
[bcnenergia.netlify.app/bcnenergia.com/wp-content/uploads/2022/12/johnson_mark.jpg]
[bcnenergia.netlify.app/bcnenergia.com/wp-content/plugins/elementor-pro/assets/css/widget-carousel.min.css]
[bcnenergia.netlify.app/bcnenergia.com/wp-content/uploads/2022/06/bcnEnergia_logo_blanco.svg]
[bcnenergia.netlify.app/bcnenergia.com/wp-content/uploads/2022/11/img-popUp-llamada.png]
[bcnenergia.netlify.app/bcnenergia.com/aviso-legal/index.html]
[bcnenergia.netlify.app/bcnenergia.com/politica-cookies/index.html]
[bcnenergia.netlify.app/bcnenergia.com/wp-content/plugins/elementor/assets/lib/animations/animations.min2e462e46.css]
[bcnenergia.netlify.app/bcnenergia.com/wp-content/themes/generatepress/assets/js/menu.mine1e3e1e3.js]
[bcnenergia.netlify.app/bcnenergia.com/wp-includes/js/jquery/jquery.mina7a0a7a0.js]
[bcnenergia.netlify.app/bcnenergia.com/wp-includes/js/jquery/jquery-migrate.mind617d617.js]
[bcnenergia.netlify.app/bcnenergia.com/wp-content/plugins/elementor-pro/assets/lib/smartmenus/jquery.smartmenus.minf269f269.js]
[bcnenergia.netlify.app/www.google.com/recaptcha/api802e802e.js]
[bcnenergia.netlify.app/bcnenergia.com/wp-content/plugins/jet-elements/assets/js/lib/slick/slick.minc245c245.js]
[bcnenergia.netlify.app/bcnenergia.com/wp-includes/js/imagesloaded.mineda1eda1.js]
[bcnenergia.netlify.app/bcnenergia.com/wp-content/plugins/elementor-pro/assets/js/webpack-pro.runtime.mina560a560.js]
[bcnenergia.netlify.app/bcnenergia.com/wp-content/plugins/elementor/assets/js/webpack.runtime.min2e462e46.js]
[bcnenergia.netlify.app/bcnenergia.com/wp-content/plugins/elementor/assets/js/frontend-modules.min2e462e46.js]
[bcnenergia.netlify.app/bcnenergia.com/wp-includes/js/dist/vendor/regenerator-runtime.min39373937.js]
[bcnenergia.netlify.app/bcnenergia.com/wp-includes/js/dist/vendor/wp-polyfill.min2c7c2c7c.js]
[bcnenergia.netlify.app/bcnenergia.com/wp-includes/js/dist/hooks.min6c656c65.js]
[bcnenergia.netlify.app/bcnenergia.com/wp-includes/js/dist/i18n.mine57be57b.js]
[bcnenergia.netlify.app/bcnenergia.com/wp-content/plugins/elementor-pro/assets/js/frontend.mina560a560.js]
[bcnenergia.netlify.app/bcnenergia.com/wp-content/plugins/elementor/assets/lib/waypoints/waypoints.min05da05da.js]
[bcnenergia.netlify.app/bcnenergia.com/wp-includes/js/jquery/ui/core.min3f143f14.js]
[bcnenergia.netlify.app/bcnenergia.com/wp-content/plugins/elementor/assets/js/frontend.min2e462e46.js]
[bcnenergia.netlify.app/bcnenergia.com/wp-content/plugins/elementor-pro/assets/js/elements-handlers.mina560a560.js]
[bcnenergia.netlify.app/bcnenergia.com/wp-content/plugins/jet-elements/assets/js/jet-elements.min91ac91ac.js]
[bcnenergia.netlify.app/bcnenergia.com/indexb97d.html]
[bcnenergia.netlify.app/bcnenergia.com/index.html]
[bcnenergia.netlify.app/bcnenergia.com/feed/index.html]
[bcnenergia.netlify.app/bcnenergia.com/comments/feed/index.html]
[bcnenergia.netlify.app/bcnenergia.com/wp-includes/css/dist/block-library/style.min6a4d6a4d.css]
[bcnenergia.netlify.app/bcnenergia.com/wp-includes/css/classic-themes.min68b368b3.css]
[bcnenergia.netlify.app/bcnenergia.com/wp-content/themes/generatepress/assets/css/main.mine1e3e1e3.css]
[bcnenergia.netlify.app/bcnenergia.com/wp-content/themes/generatepress_child/styleddebddeb.css]
[bcnenergia.netlify.app/bcnenergia.com/wp-content/plugins/elementor-pro/assets/lib/sticky/jquery.sticky.mina560a560.js]
[bcnenergia.netlify.app/bcnenergia.com/wp-content/plugins/jet-elements/assets/images/dummy-map.png]
[bcnenergia.netlify.app/bcnenergia.com/wp-content/plugins/jet-elements/assets/css/jet-elements91ac91ac.css]
[bcnenergia.netlify.app/bcnenergia.com/wp-content/plugins/jet-elements/assets/css/jet-elements-skin91ac91ac.css]
[bcnenergia.netlify.app/bcnenergia.com/wp-content/uploads/elementor/css/custom-frontend-lite.min22f622f6.css]
[bcnenergia.netlify.app/bcnenergia.com/wp-content/uploads/elementor/css/post-422f622f6.css]
[bcnenergia.netlify.app/bcnenergia.com/wp-content/uploads/elementor/css/custom-pro-frontend-lite.min22f622f6.css]
[bcnenergia.netlify.app/bcnenergia.com/wp-content/plugins/elementor/assets/lib/font-awesome/webfonts/fa-brands-400.eot]
[bcnenergia.netlify.app/bcnenergia.com/wp-content/plugins/elementor/assets/lib/font-awesome/webfonts/fa-brands-400d41dd41d.eot]
[bcnenergia.netlify.app/bcnenergia.com/wp-content/plugins/elementor/assets/lib/font-awesome/webfonts/fa-brands-400.woff2]
[bcnenergia.netlify.app/bcnenergia.com/wp-content/plugins/elementor/assets/lib/font-awesome/webfonts/fa-brands-400.woff]
[bcnenergia.netlify.app/bcnenergia.com/wp-content/plugins/elementor/assets/lib/font-awesome/webfonts/fa-brands-400.ttf]
[bcnenergia.netlify.app/bcnenergia.com/wp-content/plugins/elementor/assets/lib/font-awesome/webfonts/fa-brands-400.svg]
[bcnenergia.netlify.app/bcnenergia.com/wp-content/plugins/elementor/assets/lib/font-awesome/webfonts/fa-regular-400.eot]
[bcnenergia.netlify.app/bcnenergia.com/wp-content/plugins/elementor/assets/lib/font-awesome/webfonts/fa-regular-400d41dd41d.eot]
[bcnenergia.netlify.app/bcnenergia.com/wp-content/plugins/elementor/assets/lib/font-awesome/webfonts/fa-regular-400.woff2]
[bcnenergia.netlify.app/bcnenergia.com/wp-content/plugins/elementor/assets/lib/font-awesome/webfonts/fa-regular-400.woff]
[bcnenergia.netlify.app/bcnenergia.com/wp-content/plugins/elementor/assets/lib/font-awesome/webfonts/fa-regular-400.ttf]
[bcnenergia.netlify.app/bcnenergia.com/wp-content/plugins/elementor/assets/lib/font-awesome/webfonts/fa-regular-400.svg]
[bcnenergia.netlify.app/bcnenergia.com/wp-content/plugins/elementor/assets/lib/font-awesome/webfonts/fa-solid-900.eot]
[bcnenergia.netlify.app/bcnenergia.com/wp-content/plugins/elementor/assets/lib/font-awesome/webfonts/fa-solid-900d41dd41d.eot]
[bcnenergia.netlify.app/bcnenergia.com/wp-content/plugins/elementor/assets/lib/font-awesome/webfonts/fa-solid-900.woff2]
[bcnenergia.netlify.app/bcnenergia.com/wp-content/plugins/elementor/assets/lib/font-awesome/webfonts/fa-solid-900.woff]
[bcnenergia.netlify.app/bcnenergia.com/wp-content/plugins/elementor/assets/lib/font-awesome/webfonts/fa-solid-900.ttf]
[bcnenergia.netlify.app/bcnenergia.com/wp-content/plugins/elementor/assets/lib/font-awesome/css/all.min2e462e46.css]
[bcnenergia.netlify.app/bcnenergia.com/wp-content/plugins/elementor/assets/lib/font-awesome/css/v4-shims.min2e462e46.css]
[bcnenergia.netlify.app/bcnenergia.com/wp-content/plugins/elementor/assets/lib/font-awesome/webfonts/fa-solid-900.svg]
[bcnenergia.netlify.app/bcnenergia.com/wp-content/uploads/2023/01/bcn-energia-instalacion-paneles-solares-barcelona.jpg]
[bcnenergia.netlify.app/bcnenergia.com/wp-content/uploads/2022/12/bg-sol_2.jpg]
[bcnenergia.netlify.app/bcnenergia.com/wp-content/uploads/elementor/css/post-415675447544.css]
[bcnenergia.netlify.app/bcnenergia.com/wp-content/uploads/elementor/css/post-28582fa72fa7.css]
[bcnenergia.netlify.app/bcnenergia.com/wp-content/uploads/elementor/css/post-803b383b383.css]
[bcnenergia.netlify.app/bcnenergia.com/wp-content/uploads/elementor/css/post-5952fa72fa7.css]
[bcnenergia.netlify.app/bcnenergia.com/wp-json/index.html]
[bcnenergia.netlify.app/bcnenergia.com/wp-content/uploads/2022/12/bcnEnergia_logo_imago-19.svg]
[bcnenergia.netlify.app/bcnenergia.com/index-2.html]
[bcnenergia.netlify.app/bcnenergia.com/wp-content/uploads/2022/12/bcnEnergia_logo-12.svg]
[bcnenergia.netlify.app/bcnenergia.com/wp-content/uploads/elementor/css/custom-pro-widget-nav-menu.minbe8fbe8f.css]
[bcnenergia.netlify.app/bcnenergia.com/wp-content/uploads/elementor/css/custom-widget-icon-list.minbe8fbe8f.css]
[bcnenergia.netlify.app/bcnenergia.com/wp-content/uploads/elementor/css/custom-widget-icon-box.minbe8fbe8f.css]
[bcnenergia.netlify.app/bcnenergia.com/politica-privacidad/index.html]
[bcnenergia.netlify.app/bcnenergia.com/wp-content/plugins/elementor-pro/assets/css/widget-carousel.min.css]
[bcnenergia.netlify.app/bcnenergia.com/wp-content/uploads/2022/06/bcnEnergia_logo_blanco.svg]
[bcnenergia.netlify.app/bcnenergia.com/aviso-legal/index.html]
[bcnenergia.netlify.app/bcnenergia.com/politica-cookies/index.html]
[bcnenergia.netlify.app/bcnenergia.com/wp-content/plugins/elementor/assets/lib/animations/animations.min2e462e46.css]
[bcnenergia.netlify.app/bcnenergia.com/wp-content/uploads/2022/12/energia-verde-limpia_icono.svg]
[bcnenergia.netlify.app/bcnenergia.com/wp-content/plugins/elementor/assets/lib/font-awesome/webfonts/fa-brands-400.svg]
[bcnenergia.netlify.app/bcnenergia.com/wp-content/plugins/elementor/assets/lib/font-awesome/webfonts/fa-regular-400.svg]
[bcnenergia.netlify.app/bcnenergia.com/wp-content/plugins/elementor/assets/lib/font-awesome/webfonts/fa-solid-900.svg]
[bcnenergia.netlify.app/bcnenergia.com/wp-content/uploads/2022/12/energia-verde-limpia_icono.svg]
